[?25l[?2004h   List of Modules                                                                                         [K
                                                                                                           [K
  2 items                                                                                                  [K
                                                                                                           [K
│ AWS VPC Module                                                                                           [K
│ This module creates a VPC in AWS with all the necessary components.                                      [K
                                                                                                           [K
  AWS EKS Module                                                                                           [K
  This module creates an EKS cluster in AWS.                                                               [K
                                                                                                           [K
                                                                                                           [K
                                                                                                           [K
                                                                                                           [K
                                                                                                           [K
                                                                                                           [K
                                                                                                           [K
                                                                                                           [K
                                                                                                           [K
                                                                                                           [K
                                                                                                           [K
                                                                                                           [K
                                                                                                           [K
                                                                                                           [K
                                                                                                           [K
                                                                                                           [K
                                                                                                           [K
                                                                                                           [K
                                                                                                           [K
                                                                                                           [K
                                                                                                           [K
                                                                                                           [K
                                                                                                           [K
                                                                                                           [K
                                                                                                           [K
                                                                                                           [K
                                                                                                           [K
                                                                                                           [K
  k/↑/ctrl+p move up • j/↓/ctrl+n move down • enter/ctrl-j choose • S Scaffold • / search • q quit • ? more[K[120D[2K[?2004l[?25h[?1002l[?1003l[?1006l